reward: learned classifier, tau=0.20, side_check=True
interventions: True

demo buffer: 103 transitions from 3 demonstrations
step   1000 | eval true success 0.00 | classifier says 0.00 | false-pos gap +0.00 | intervention rate 0.61 | rl_buf 1000 | 10s
step   2000 | eval true success 0.00 | classifier says 0.00 | false-pos gap +0.00 | intervention rate 0.45 | rl_buf 2000 | 28s
step   3000 | eval true success 0.00 | classifier says 0.00 | false-pos gap +0.00 | intervention rate 0.33 | rl_buf 3000 | 45s
step   4000 | eval true success 0.00 | classifier says 0.00 | false-pos gap +0.00 | intervention rate 0.27 | rl_buf 4000 | 62s
step   5000 | eval true success 0.00 | classifier says 0.00 | false-pos gap +0.00 | intervention rate 0.20 | rl_buf 5000 | 79s
step   6000 | eval true success 0.00 | classifier says 0.00 | false-pos gap +0.00 | intervention rate 0.20 | rl_buf 6000 | 97s
step   7000 | eval true success 0.13 | classifier says 0.13 | false-pos gap +0.00 | intervention rate 0.19 | rl_buf 7000 | 114s
step   8000 | eval true success 0.20 | classifier says 0.20 | false-pos gap +0.00 | intervention rate 0.21 | rl_buf 8000 | 130s
step   9000 | eval true success 0.00 | classifier says 0.00 | false-pos gap +0.00 | intervention rate 0.18 | rl_buf 9000 | 147s
step  10000 | eval true success 0.17 | classifier says 0.13 | false-pos gap -0.03 | intervention rate 0.13 | rl_buf 10000 | 164s
step  11000 | eval true success 0.10 | classifier says 0.13 | false-pos gap +0.03 | intervention rate 0.16 | rl_buf 11000 | 191s
step  12000 | eval true success 0.53 | classifier says 0.53 | false-pos gap +0.00 | intervention rate 0.21 | rl_buf 12000 | 290s
step  13000 | eval true success 0.67 | classifier says 0.67 | false-pos gap +0.00 | intervention rate 0.16 | rl_buf 13000 | 376s
step  14000 | eval true success 0.00 | classifier says 0.03 | false-pos gap +0.03 | intervention rate 0.15 | rl_buf 14000 | 461s
step  15000 | eval true success 1.00 | classifier says 1.00 | false-pos gap +0.00 | intervention rate 0.10 | rl_buf 15000 | 536s
step  16000 | eval true success 0.57 | classifier says 0.70 | false-pos gap +0.13 | intervention rate 0.18 | rl_buf 16000 | 612s
step  17000 | eval true success 0.83 | classifier says 0.83 | false-pos gap +0.00 | intervention rate 0.15 | rl_buf 17000 | 686s
step  18000 | eval true success 0.90 | classifier says 0.90 | false-pos gap +0.00 | intervention rate 0.08 | rl_buf 18000 | 758s
step  19000 | eval true success 0.17 | classifier says 0.20 | false-pos gap +0.03 | intervention rate 0.14 | rl_buf 19000 | 838s
step  20000 | eval true success 0.90 | classifier says 0.90 | false-pos gap +0.00 | intervention rate 0.11 | rl_buf 20000 | 907s

final eval (mean of last 3 checkpoints, 90 episodes, no human): true success 0.66, classifier says 0.67

final 50 training episodes: true success 0.94, intervention rate 0.12
log -> /Users/fredericazhao/Desktop/practice/RL/runs/demos3_p015.csv
