reward: learned classifier, tau=0.20, side_check=True
interventions: True

demo buffer: 103 transitions from 3 demonstrations
step   1000 | eval true success 0.00 | classifier says 0.00 | false-pos gap +0.00 | intervention rate 0.95 | rl_buf 1000 | 10s
step   2000 | eval true success 0.00 | classifier says 0.03 | false-pos gap +0.03 | intervention rate 0.88 | rl_buf 2000 | 27s
step   3000 | eval true success 0.00 | classifier says 0.00 | false-pos gap +0.00 | intervention rate 0.78 | rl_buf 3000 | 45s
step   4000 | eval true success 0.00 | classifier says 0.00 | false-pos gap +0.00 | intervention rate 0.65 | rl_buf 4000 | 63s
step   5000 | eval true success 0.00 | classifier says 0.03 | false-pos gap +0.03 | intervention rate 0.69 | rl_buf 5000 | 80s
step   6000 | eval true success 0.00 | classifier says 0.00 | false-pos gap +0.00 | intervention rate 0.64 | rl_buf 6000 | 97s
step   7000 | eval true success 0.00 | classifier says 0.00 | false-pos gap +0.00 | intervention rate 0.59 | rl_buf 7000 | 114s
step   8000 | eval true success 0.00 | classifier says 0.00 | false-pos gap +0.00 | intervention rate 0.46 | rl_buf 8000 | 132s
step   9000 | eval true success 0.00 | classifier says 0.00 | false-pos gap +0.00 | intervention rate 0.37 | rl_buf 9000 | 149s
step  10000 | eval true success 0.10 | classifier says 0.10 | false-pos gap +0.00 | intervention rate 0.34 | rl_buf 10000 | 166s
step  11000 | eval true success 0.00 | classifier says 0.00 | false-pos gap +0.00 | intervention rate 0.19 | rl_buf 11000 | 182s
step  12000 | eval true success 0.47 | classifier says 0.50 | false-pos gap +0.03 | intervention rate 0.15 | rl_buf 12000 | 198s
step  13000 | eval true success 0.07 | classifier says 0.07 | false-pos gap +0.00 | intervention rate 0.15 | rl_buf 13000 | 216s
step  14000 | eval true success 0.60 | classifier says 0.63 | false-pos gap +0.03 | intervention rate 0.17 | rl_buf 14000 | 232s
step  15000 | eval true success 0.63 | classifier says 0.67 | false-pos gap +0.03 | intervention rate 0.20 | rl_buf 15000 | 247s
step  16000 | eval true success 0.80 | classifier says 0.70 | false-pos gap -0.10 | intervention rate 0.17 | rl_buf 16000 | 263s
step  17000 | eval true success 0.97 | classifier says 0.83 | false-pos gap -0.13 | intervention rate 0.16 | rl_buf 17000 | 281s
step  18000 | eval true success 0.00 | classifier says 0.00 | false-pos gap +0.00 | intervention rate 0.15 | rl_buf 18000 | 297s
step  19000 | eval true success 1.00 | classifier says 1.00 | false-pos gap +0.00 | intervention rate 0.06 | rl_buf 19000 | 316s
step  20000 | eval true success 0.93 | classifier says 1.00 | false-pos gap +0.07 | intervention rate 0.15 | rl_buf 20000 | 334s

final eval (mean of last 3 checkpoints, 90 episodes, no human): true success 0.64, classifier says 0.67

final 50 training episodes: true success 0.98, intervention rate 0.10
log -> /Users/fredericazhao/Desktop/practice/RL/runs/demos3_hil.csv
