reward: learned classifier, tau=0.20, side_check=True
interventions: True

demo buffer: 94 transitions from 3 demonstrations
step   1000 | eval true success 0.00 | classifier says 0.00 | false-pos gap +0.00 | intervention rate 0.70 | rl_buf 1000 | 76s
step   2000 | eval true success 0.00 | classifier says 0.07 | false-pos gap +0.07 | intervention rate 0.64 | rl_buf 2000 | 217s
step   3000 | eval true success 0.00 | classifier says 0.00 | false-pos gap +0.00 | intervention rate 0.53 | rl_buf 3000 | 369s
step   4000 | eval true success 0.00 | classifier says 0.00 | false-pos gap +0.00 | intervention rate 0.44 | rl_buf 4000 | 3595s
step   5000 | eval true success 0.00 | classifier says 0.00 | false-pos gap +0.00 | intervention rate 0.37 | rl_buf 5000 | 11383s
step   6000 | eval true success 0.00 | classifier says 0.00 | false-pos gap +0.00 | intervention rate 0.27 | rl_buf 6000 | 18711s
step   7000 | eval true success 0.10 | classifier says 0.10 | false-pos gap +0.00 | intervention rate 0.18 | rl_buf 7000 | 21747s
step   8000 | eval true success 0.07 | classifier says 0.07 | false-pos gap +0.00 | intervention rate 0.19 | rl_buf 8000 | 23338s
step   9000 | eval true success 0.00 | classifier says 0.00 | false-pos gap +0.00 | intervention rate 0.23 | rl_buf 9000 | 25988s
step  10000 | eval true success 0.30 | classifier says 0.33 | false-pos gap +0.03 | intervention rate 0.18 | rl_buf 10000 | 28046s
step  11000 | eval true success 0.47 | classifier says 0.47 | false-pos gap +0.00 | intervention rate 0.13 | rl_buf 11000 | 29668s
step  12000 | eval true success 0.10 | classifier says 0.23 | false-pos gap +0.13 | intervention rate 0.16 | rl_buf 12000 | 32505s
step  13000 | eval true success 0.93 | classifier says 0.93 | false-pos gap +0.00 | intervention rate 0.15 | rl_buf 13000 | 34460s
step  14000 | eval true success 0.70 | classifier says 0.70 | false-pos gap +0.00 | intervention rate 0.16 | rl_buf 14000 | 36361s
step  15000 | eval true success 0.87 | classifier says 0.87 | false-pos gap +0.00 | intervention rate 0.16 | rl_buf 15000 | 68802s
step  16000 | eval true success 0.00 | classifier says 0.00 | false-pos gap +0.00 | intervention rate 0.12 | rl_buf 16000 | 68831s
step  17000 | eval true success 0.70 | classifier says 0.80 | false-pos gap +0.10 | intervention rate 0.11 | rl_buf 17000 | 68858s
step  18000 | eval true success 0.97 | classifier says 0.97 | false-pos gap +0.00 | intervention rate 0.10 | rl_buf 18000 | 68885s
step  19000 | eval true success 1.00 | classifier says 1.00 | false-pos gap +0.00 | intervention rate 0.15 | rl_buf 19000 | 68912s
step  20000 | eval true success 1.00 | classifier says 1.00 | false-pos gap +0.00 | intervention rate 0.14 | rl_buf 20000 | 68938s

final eval (mean of last 3 checkpoints, 90 episodes, no human): true success 0.99, classifier says 0.99

final 50 training episodes: true success 1.00, intervention rate 0.14
log -> /Users/fredericazhao/Desktop/practice/RL/runs/sw_hil_s1.csv
