reward: learned classifier, tau=0.20, side_check=True
interventions: True

demo buffer: 92 transitions from 3 demonstrations
step   1000 | eval true success 0.00 | classifier says 0.03 | false-pos gap +0.03 | intervention rate 0.71 | rl_buf 1000 | 76s
step   2000 | eval true success 0.00 | classifier says 0.00 | false-pos gap +0.00 | intervention rate 0.60 | rl_buf 2000 | 217s
step   3000 | eval true success 0.00 | classifier says 0.00 | false-pos gap +0.00 | intervention rate 0.49 | rl_buf 3000 | 370s
step   4000 | eval true success 0.00 | classifier says 0.00 | false-pos gap +0.00 | intervention rate 0.44 | rl_buf 4000 | 3596s
step   5000 | eval true success 0.00 | classifier says 0.07 | false-pos gap +0.07 | intervention rate 0.32 | rl_buf 5000 | 11384s
step   6000 | eval true success 0.23 | classifier says 0.23 | false-pos gap +0.00 | intervention rate 0.22 | rl_buf 6000 | 18711s
step   7000 | eval true success 0.00 | classifier says 0.00 | false-pos gap +0.00 | intervention rate 0.21 | rl_buf 7000 | 21748s
step   8000 | eval true success 0.00 | classifier says 0.00 | false-pos gap +0.00 | intervention rate 0.22 | rl_buf 8000 | 23340s
step   9000 | eval true success 0.53 | classifier says 0.53 | false-pos gap +0.00 | intervention rate 0.25 | rl_buf 9000 | 25986s
step  10000 | eval true success 0.00 | classifier says 0.00 | false-pos gap +0.00 | intervention rate 0.13 | rl_buf 10000 | 28046s
step  11000 | eval true success 0.60 | classifier says 0.53 | false-pos gap -0.07 | intervention rate 0.16 | rl_buf 11000 | 29668s
step  12000 | eval true success 0.80 | classifier says 0.70 | false-pos gap -0.10 | intervention rate 0.18 | rl_buf 12000 | 32502s
step  13000 | eval true success 0.97 | classifier says 0.97 | false-pos gap +0.00 | intervention rate 0.13 | rl_buf 13000 | 34457s
step  14000 | eval true success 0.00 | classifier says 0.00 | false-pos gap +0.00 | intervention rate 0.22 | rl_buf 14000 | 36362s
step  15000 | eval true success 0.87 | classifier says 0.83 | false-pos gap -0.03 | intervention rate 0.16 | rl_buf 15000 | 68802s
step  16000 | eval true success 0.50 | classifier says 0.50 | false-pos gap +0.00 | intervention rate 0.21 | rl_buf 16000 | 68830s
step  17000 | eval true success 0.13 | classifier says 0.17 | false-pos gap +0.03 | intervention rate 0.14 | rl_buf 17000 | 68859s
step  18000 | eval true success 0.83 | classifier says 0.83 | false-pos gap +0.00 | intervention rate 0.13 | rl_buf 18000 | 68886s
step  19000 | eval true success 0.97 | classifier says 0.97 | false-pos gap +0.00 | intervention rate 0.08 | rl_buf 19000 | 68913s
step  20000 | eval true success 0.97 | classifier says 0.97 | false-pos gap +0.00 | intervention rate 0.06 | rl_buf 20000 | 68939s

final eval (mean of last 3 checkpoints, 90 episodes, no human): true success 0.92, classifier says 0.92

final 50 training episodes: true success 1.00, intervention rate 0.07
log -> /Users/fredericazhao/Desktop/practice/RL/runs/sw_hil_s2.csv
